<!DOCTYPE html>
<html lang="en">
<head>
<title>Hello Â· site</title>
</head>
<body>
<h1><a href="#hello" name="hello" class="anchor"><span class="anchor-link"></span></a>Hello</h1>
<p>Hello World!</p>
</body>
</html>
